<?xml version="1.0" encoding="ISO-8859-1" ?>
<link_info>
   <banner>TI ARM Linker PC v20.2.7.LTS</banner>
   <copyright>Copyright (c) 1996-2018 Texas Instruments Incorporated</copyright>
   <link_time>0x66ba2ece</link_time>
   <link_errors>0x0</link_errors>
   <output_file>FreeRTOS_Proj1.out</output_file>
   <entry_point>
      <name>_c_int00_noargs</name>
      <address>0x6709</address>
   </entry_point>
   <input_file_list>
      <input_file id="fl-2">
         <path>.\</path>
         <kind>object</kind>
         <file>main.obj</file>
         <name>main.obj</name>
      </input_file>
      <input_file id="fl-3">
         <path>.\</path>
         <kind>object</kind>
         <file>tm4c123gh6pm_startup_ccs.obj</file>
         <name>tm4c123gh6pm_startup_ccs.obj</name>
      </input_file>
      <input_file id="fl-4">
         <path>.\MCAL\ADC\</path>
         <kind>object</kind>
         <file>adc.obj</file>
         <name>adc.obj</name>
      </input_file>
      <input_file id="fl-5">
         <path>.\MCAL\EEPROM\</path>
         <kind>object</kind>
         <file>EEPROM.obj</file>
         <name>EEPROM.obj</name>
      </input_file>
      <input_file id="fl-6">
         <path>.\MCAL\GPIO\</path>
         <kind>object</kind>
         <file>gpio.obj</file>
         <name>gpio.obj</name>
      </input_file>
      <input_file id="fl-7">
         <path>.\MCAL\GPTM\</path>
         <kind>object</kind>
         <file>GPTM.obj</file>
         <name>GPTM.obj</name>
      </input_file>
      <input_file id="fl-8">
         <path>.\MCAL\UART\</path>
         <kind>object</kind>
         <file>uart0.obj</file>
         <name>uart0.obj</name>
      </input_file>
      <input_file id="fl-9">
         <path>.\Source\</path>
         <kind>object</kind>
         <file>event_groups.obj</file>
         <name>event_groups.obj</name>
      </input_file>
      <input_file id="fl-a">
         <path>.\Source\</path>
         <kind>object</kind>
         <file>list.obj</file>
         <name>list.obj</name>
      </input_file>
      <input_file id="fl-b">
         <path>.\Source\</path>
         <kind>object</kind>
         <file>queue.obj</file>
         <name>queue.obj</name>
      </input_file>
      <input_file id="fl-c">
         <path>.\Source\</path>
         <kind>object</kind>
         <file>tasks.obj</file>
         <name>tasks.obj</name>
      </input_file>
      <input_file id="fl-d">
         <path>.\Source\</path>
         <kind>object</kind>
         <file>timers.obj</file>
         <name>timers.obj</name>
      </input_file>
      <input_file id="fl-e">
         <path>.\Source\portable\CCS\ARM_CM4F\</path>
         <kind>object</kind>
         <file>port.obj</file>
         <name>port.obj</name>
      </input_file>
      <input_file id="fl-f">
         <path>.\Source\portable\CCS\ARM_CM4F\</path>
         <kind>object</kind>
         <file>portasm.obj</file>
         <name>portasm.obj</name>
      </input_file>
      <input_file id="fl-10">
         <path>.\Source\portable\MemMang\</path>
         <kind>object</kind>
         <file>heap_2.obj</file>
         <name>heap_2.obj</name>
      </input_file>
      <input_file id="fl-14">
         <kind>object</kind>
         <file>&lt;internal&gt;</file>
         <name>&lt;internal&gt;</name>
      </input_file>
      <input_file id="fl-ca">
         <path>E:\ti\ccs1270\ccs\tools\compiler\ti-cgt-arm_20.2.7.LTS\lib\</path>
         <kind>archive</kind>
         <file>rtsv7M4_T_le_v4SPD16_eabi.lib</file>
         <name>memcpy_t2.asm.obj</name>
      </input_file>
      <input_file id="fl-cb">
         <path>E:\ti\ccs1270\ccs\tools\compiler\ti-cgt-arm_20.2.7.LTS\lib\</path>
         <kind>archive</kind>
         <file>rtsv7M4_T_le_v4SPD16_eabi.lib</file>
         <name>memset_t2.asm.obj</name>
      </input_file>
      <input_file id="fl-cc">
         <path>E:\ti\ccs1270\ccs\tools\compiler\ti-cgt-arm_20.2.7.LTS\lib\</path>
         <kind>archive</kind>
         <file>rtsv7M4_T_le_v4SPD16_eabi.lib</file>
         <name>ll_div_t2.asm.obj</name>
      </input_file>
      <input_file id="fl-cd">
         <path>E:\ti\ccs1270\ccs\tools\compiler\ti-cgt-arm_20.2.7.LTS\lib\</path>
         <kind>archive</kind>
         <file>rtsv7M4_T_le_v4SPD16_eabi.lib</file>
         <name>ull_div_t2.asm.obj</name>
      </input_file>
      <input_file id="fl-ce">
         <path>E:\ti\ccs1270\ccs\tools\compiler\ti-cgt-arm_20.2.7.LTS\lib\</path>
         <kind>archive</kind>
         <file>rtsv7M4_T_le_v4SPD16_eabi.lib</file>
         <name>copy_zero_init.c.obj</name>
      </input_file>
      <input_file id="fl-cf">
         <path>E:\ti\ccs1270\ccs\tools\compiler\ti-cgt-arm_20.2.7.LTS\lib\</path>
         <kind>archive</kind>
         <file>rtsv7M4_T_le_v4SPD16_eabi.lib</file>
         <name>copy_decompress_none.c.obj</name>
      </input_file>
      <input_file id="fl-d0">
         <path>E:\ti\ccs1270\ccs\tools\compiler\ti-cgt-arm_20.2.7.LTS\lib\</path>
         <kind>archive</kind>
         <file>rtsv7M4_T_le_v4SPD16_eabi.lib</file>
         <name>copy_decompress_lzss.c.obj</name>
      </input_file>
      <input_file id="fl-d1">
         <path>E:\ti\ccs1270\ccs\tools\compiler\ti-cgt-arm_20.2.7.LTS\lib\</path>
         <kind>archive</kind>
         <file>rtsv7M4_T_le_v4SPD16_eabi.lib</file>
         <name>boot_cortex_m.c.obj</name>
      </input_file>
      <input_file id="fl-d2">
         <path>E:\ti\ccs1270\ccs\tools\compiler\ti-cgt-arm_20.2.7.LTS\lib\</path>
         <kind>archive</kind>
         <file>rtsv7M4_T_le_v4SPD16_eabi.lib</file>
         <name>div0.asm.obj</name>
      </input_file>
      <input_file id="fl-d3">
         <path>E:\ti\ccs1270\ccs\tools\compiler\ti-cgt-arm_20.2.7.LTS\lib\</path>
         <kind>archive</kind>
         <file>rtsv7M4_T_le_v4SPD16_eabi.lib</file>
         <name>autoinit.c.obj</name>
      </input_file>
      <input_file id="fl-d4">
         <path>E:\ti\ccs1270\ccs\tools\compiler\ti-cgt-arm_20.2.7.LTS\lib\</path>
         <kind>archive</kind>
         <file>rtsv7M4_T_le_v4SPD16_eabi.lib</file>
         <name>pre_init.c.obj</name>
      </input_file>
      <input_file id="fl-d5">
         <path>E:\ti\ccs1270\ccs\tools\compiler\ti-cgt-arm_20.2.7.LTS\lib\</path>
         <kind>archive</kind>
         <file>rtsv7M4_T_le_v4SPD16_eabi.lib</file>
         <name>cpy_tbl.c.obj</name>
      </input_file>
      <input_file id="fl-d6">
         <path>E:\ti\ccs1270\ccs\tools\compiler\ti-cgt-arm_20.2.7.LTS\lib\</path>
         <kind>archive</kind>
         <file>rtsv7M4_T_le_v4SPD16_eabi.lib</file>
         <name>exit.c.obj</name>
      </input_file>
      <input_file id="fl-d7">
         <path>E:\ti\ccs1270\ccs\tools\compiler\ti-cgt-arm_20.2.7.LTS\lib\</path>
         <kind>archive</kind>
         <file>rtsv7M4_T_le_v4SPD16_eabi.lib</file>
         <name>_lock.c.obj</name>
      </input_file>
      <input_file id="fl-d8">
         <path>E:\ti\ccs1270\ccs\tools\compiler\ti-cgt-arm_20.2.7.LTS\lib\</path>
         <kind>archive</kind>
         <file>rtsv7M4_T_le_v4SPD16_eabi.lib</file>
         <name>args_main.c.obj</name>
      </input_file>
   </input_file_list>
   <object_component_list>
      <object_component id="oc-12">
         <name>.intvecs</name>
         <load_address>0x0</load_address>
         <run_address>0x0</run_address>
         <size>0x26c</size>
         <input_file_ref idref="fl-3"/>
      </object_component>
      <object_component id="oc-85">
         <name>.text</name>
         <load_address>0x26c</load_address>
         <run_address>0x26c</run_address>
         <size>0x252c</size>
         <input_file_ref idref="fl-c"/>
      </object_component>
      <object_component id="oc-a6">
         <name>.text</name>
         <load_address>0x2798</load_address>
         <run_address>0x2798</run_address>
         <size>0x112a</size>
         <input_file_ref idref="fl-b"/>
      </object_component>
      <object_component id="oc-27a">
         <name>.text</name>
         <load_address>0x38c2</load_address>
         <run_address>0x38c2</run_address>
         <size>0x2</size>
         <input_file_ref idref="fl-d2"/>
      </object_component>
      <object_component id="oc-38">
         <name>.text</name>
         <load_address>0x38c4</load_address>
         <run_address>0x38c4</run_address>
         <size>0xe20</size>
         <input_file_ref idref="fl-2"/>
      </object_component>
      <object_component id="oc-16e">
         <name>.text</name>
         <load_address>0x46e4</load_address>
         <run_address>0x46e4</run_address>
         <size>0x7dc</size>
         <input_file_ref idref="fl-d"/>
      </object_component>
      <object_component id="oc-a0">
         <name>.text</name>
         <load_address>0x4ec0</load_address>
         <run_address>0x4ec0</run_address>
         <size>0x570</size>
         <input_file_ref idref="fl-9"/>
      </object_component>
      <object_component id="oc-b8">
         <name>.text</name>
         <load_address>0x5430</load_address>
         <run_address>0x5430</run_address>
         <size>0x3c0</size>
         <input_file_ref idref="fl-6"/>
      </object_component>
      <object_component id="oc-32">
         <name>.text</name>
         <load_address>0x57f0</load_address>
         <run_address>0x57f0</run_address>
         <size>0x2b4</size>
         <input_file_ref idref="fl-e"/>
      </object_component>
      <object_component id="oc-156">
         <name>.text</name>
         <load_address>0x5aa4</load_address>
         <run_address>0x5aa4</run_address>
         <size>0x28c</size>
         <input_file_ref idref="fl-10"/>
      </object_component>
      <object_component id="oc-b2">
         <name>.text</name>
         <load_address>0x5d30</load_address>
         <run_address>0x5d30</run_address>
         <size>0x1c8</size>
         <input_file_ref idref="fl-8"/>
      </object_component>
      <object_component id="oc-ca">
         <name>.text</name>
         <load_address>0x5ef8</load_address>
         <run_address>0x5ef8</run_address>
         <size>0x1a0</size>
         <input_file_ref idref="fl-5"/>
      </object_component>
      <object_component id="oc-be">
         <name>.text</name>
         <load_address>0x6098</load_address>
         <run_address>0x6098</run_address>
         <size>0x150</size>
         <input_file_ref idref="fl-4"/>
      </object_component>
      <object_component id="oc-15c">
         <name>.text</name>
         <load_address>0x61e8</load_address>
         <run_address>0x61e8</run_address>
         <size>0x12a</size>
         <input_file_ref idref="fl-a"/>
      </object_component>
      <object_component id="oc-2d">
         <name>.text</name>
         <load_address>0x6314</load_address>
         <run_address>0x6314</run_address>
         <size>0xda</size>
         <input_file_ref idref="fl-f"/>
      </object_component>
      <object_component id="oc-4c">
         <name>.text</name>
         <load_address>0x63ee</load_address>
         <run_address>0x63ee</run_address>
         <size>0x9c</size>
         <input_file_ref idref="fl-ca"/>
      </object_component>
      <object_component id="oc-27f">
         <name>.text</name>
         <load_address>0x648a</load_address>
         <run_address>0x648a</run_address>
         <size>0x96</size>
         <input_file_ref idref="fl-cd"/>
      </object_component>
      <object_component id="oc-134">
         <name>.text</name>
         <load_address>0x6520</load_address>
         <run_address>0x6520</run_address>
         <size>0x7a</size>
         <input_file_ref idref="fl-cb"/>
      </object_component>
      <object_component id="oc-1b8">
         <name>.text</name>
         <load_address>0x659a</load_address>
         <run_address>0x659a</run_address>
         <size>0x6e</size>
         <input_file_ref idref="fl-cc"/>
      </object_component>
      <object_component id="oc-15">
         <name>.text:decompress:lzss:__TI_decompress_lzss</name>
         <load_address>0x6608</load_address>
         <run_address>0x6608</run_address>
         <size>0x68</size>
         <input_file_ref idref="fl-d0"/>
      </object_component>
      <object_component id="oc-c4">
         <name>.text</name>
         <load_address>0x6670</load_address>
         <run_address>0x6670</run_address>
         <size>0x54</size>
         <input_file_ref idref="fl-7"/>
      </object_component>
      <object_component id="oc-1f1">
         <name>.text:__TI_auto_init_nobinit_nopinit:__TI_auto_init_nobinit_nopinit</name>
         <load_address>0x66c4</load_address>
         <run_address>0x66c4</run_address>
         <size>0x44</size>
         <input_file_ref idref="fl-d3"/>
      </object_component>
      <object_component id="oc-6a">
         <name>.text:_c_int00_noargs:_c_int00_noargs</name>
         <load_address>0x6708</load_address>
         <run_address>0x6708</run_address>
         <size>0x34</size>
         <input_file_ref idref="fl-d1"/>
      </object_component>
      <object_component id="oc-1b">
         <name>.text:decompress:none:__TI_decompress_none</name>
         <load_address>0x673c</load_address>
         <run_address>0x673c</run_address>
         <size>0xe</size>
         <input_file_ref idref="fl-cf"/>
      </object_component>
      <object_component id="oc-5e">
         <name>.text:decompress:ZI:__TI_zero_init</name>
         <load_address>0x674a</load_address>
         <run_address>0x674a</run_address>
         <size>0xc</size>
         <input_file_ref idref="fl-ce"/>
      </object_component>
      <object_component id="oc-27">
         <name>.text</name>
         <load_address>0x6756</load_address>
         <run_address>0x6756</run_address>
         <size>0xc</size>
         <input_file_ref idref="fl-3"/>
      </object_component>
      <object_component id="oc-13a">
         <name>.text:_system_pre_init</name>
         <load_address>0x6762</load_address>
         <run_address>0x6762</run_address>
         <size>0x4</size>
         <input_file_ref idref="fl-d4"/>
      </object_component>
      <object_component id="oc-1e5">
         <name>.text:abort:abort</name>
         <load_address>0x6766</load_address>
         <run_address>0x6766</run_address>
         <size>0x4</size>
         <input_file_ref idref="fl-d6"/>
      </object_component>
      <object_component id="oc-1d2">
         <name>.const:.string</name>
         <load_address>0x676c</load_address>
         <run_address>0x676c</run_address>
         <size>0x46</size>
         <input_file_ref idref="fl-2"/>
      </object_component>
      <object_component id="oc-82">
         <name>.const</name>
         <load_address>0x67b4</load_address>
         <run_address>0x67b4</run_address>
         <size>0x8</size>
         <input_file_ref idref="fl-e"/>
      </object_component>
      <object_component id="oc-178">
         <name>.const</name>
         <load_address>0x67bc</load_address>
         <run_address>0x67bc</run_address>
         <size>0x4</size>
         <input_file_ref idref="fl-c"/>
      </object_component>
      <object_component id="oc-321">
         <name>.cinit..data.load</name>
         <load_address>0x67c0</load_address>
         <run_address>0x67c0</run_address>
         <size>0x65</size>
      </object_component>
      <object_component id="oc-31f">
         <name>__TI_handler_table</name>
         <load_address>0x6828</load_address>
         <run_address>0x6828</run_address>
         <size>0xc</size>
      </object_component>
      <object_component id="oc-322">
         <name>.cinit..bss.load</name>
         <load_address>0x6838</load_address>
         <run_address>0x6838</run_address>
         <size>0x8</size>
      </object_component>
      <object_component id="oc-320">
         <name>__TI_cinit_table</name>
         <load_address>0x6840</load_address>
         <run_address>0x6840</run_address>
         <size>0x10</size>
      </object_component>
      <object_component id="oc-f3">
         <name>.data</name>
         <load_address>0x200024f4</load_address>
         <run_address>0x200024f4</run_address>
         <size>0x10</size>
         <input_file_ref idref="fl-2"/>
      </object_component>
      <object_component id="oc-dd">
         <name>.data:TempInitConvDriverTask</name>
         <load_address>0x20002524</load_address>
         <run_address>0x20002524</run_address>
         <size>0x4</size>
         <input_file_ref idref="fl-2"/>
      </object_component>
      <object_component id="oc-e1">
         <name>.data:TempInitConvPassengerTask</name>
         <load_address>0x20002528</load_address>
         <run_address>0x20002528</run_address>
         <size>0x4</size>
         <input_file_ref idref="fl-2"/>
      </object_component>
      <object_component id="oc-e6">
         <name>.data:ErrorHandleDriverTask</name>
         <load_address>0x200024b4</load_address>
         <run_address>0x200024b4</run_address>
         <size>0x20</size>
         <input_file_ref idref="fl-2"/>
      </object_component>
      <object_component id="oc-ea">
         <name>.data:ErrorHandlePassengerTask</name>
         <load_address>0x200024d4</load_address>
         <run_address>0x200024d4</run_address>
         <size>0x20</size>
         <input_file_ref idref="fl-2"/>
      </object_component>
      <object_component id="oc-1c2">
         <name>.data</name>
         <load_address>0x2000252c</load_address>
         <run_address>0x2000252c</run_address>
         <size>0x2</size>
         <input_file_ref idref="fl-5"/>
      </object_component>
      <object_component id="oc-7f">
         <name>.data</name>
         <load_address>0x20002480</load_address>
         <run_address>0x20002480</run_address>
         <size>0x34</size>
         <input_file_ref idref="fl-c"/>
      </object_component>
      <object_component id="oc-24c">
         <name>.data</name>
         <load_address>0x20002510</load_address>
         <run_address>0x20002510</run_address>
         <size>0xc</size>
         <input_file_ref idref="fl-d"/>
      </object_component>
      <object_component id="oc-8c">
         <name>.data</name>
         <load_address>0x20002504</load_address>
         <run_address>0x20002504</run_address>
         <size>0xc</size>
         <input_file_ref idref="fl-e"/>
      </object_component>
      <object_component id="oc-234">
         <name>.data</name>
         <load_address>0x2000251c</load_address>
         <run_address>0x2000251c</run_address>
         <size>0x8</size>
         <input_file_ref idref="fl-10"/>
      </object_component>
      <object_component id="oc-162">
         <name>.bss:pxReadyTasksLists</name>
         <uninitialized>true</uninitialized>
         <run_address>0x20002000</run_address>
         <size>0x78</size>
         <input_file_ref idref="fl-c"/>
      </object_component>
      <object_component id="oc-17c">
         <name>.bss:xDelayedTaskList1</name>
         <uninitialized>true</uninitialized>
         <run_address>0x20002184</run_address>
         <size>0x14</size>
         <input_file_ref idref="fl-c"/>
      </object_component>
      <object_component id="oc-17f">
         <name>.bss:xDelayedTaskList2</name>
         <uninitialized>true</uninitialized>
         <run_address>0x20002198</run_address>
         <size>0x14</size>
         <input_file_ref idref="fl-c"/>
      </object_component>
      <object_component id="oc-168">
         <name>.bss</name>
         <uninitialized>true</uninitialized>
         <run_address>0x200021e8</run_address>
         <size>0x8</size>
         <input_file_ref idref="fl-c"/>
      </object_component>
      <object_component id="oc-174">
         <name>.bss:xPendingReadyList</name>
         <uninitialized>true</uninitialized>
         <run_address>0x200021ac</run_address>
         <size>0x14</size>
         <input_file_ref idref="fl-c"/>
      </object_component>
      <object_component id="oc-165">
         <name>.bss:xTasksWaitingTermination</name>
         <uninitialized>true</uninitialized>
         <run_address>0x200021d4</run_address>
         <size>0x14</size>
         <input_file_ref idref="fl-c"/>
      </object_component>
      <object_component id="oc-16b">
         <name>.bss:xSuspendedTaskList</name>
         <uninitialized>true</uninitialized>
         <run_address>0x200021c0</run_address>
         <size>0x14</size>
         <input_file_ref idref="fl-c"/>
      </object_component>
      <object_component id="oc-252">
         <name>.bss:xActiveTimerList1</name>
         <uninitialized>true</uninitialized>
         <run_address>0x2000215c</run_address>
         <size>0x14</size>
         <input_file_ref idref="fl-d"/>
      </object_component>
      <object_component id="oc-255">
         <name>.bss:xActiveTimerList2</name>
         <uninitialized>true</uninitialized>
         <run_address>0x20002170</run_address>
         <size>0x14</size>
         <input_file_ref idref="fl-d"/>
      </object_component>
      <object_component id="oc-24f">
         <name>.bss</name>
         <uninitialized>true</uninitialized>
         <run_address>0x200021f0</run_address>
         <size>0x8</size>
         <input_file_ref idref="fl-d"/>
      </object_component>
      <object_component id="oc-23d">
         <name>.bss:ucHeap</name>
         <uninitialized>true</uninitialized>
         <run_address>0x20000000</run_address>
         <size>0x2000</size>
         <input_file_ref idref="fl-10"/>
      </object_component>
      <object_component id="oc-237">
         <name>.bss:xStart</name>
         <uninitialized>true</uninitialized>
         <run_address>0x20002200</run_address>
         <size>0x8</size>
         <input_file_ref idref="fl-10"/>
      </object_component>
      <object_component id="oc-23a">
         <name>.bss:xEnd</name>
         <uninitialized>true</uninitialized>
         <run_address>0x200021f8</run_address>
         <size>0x8</size>
         <input_file_ref idref="fl-10"/>
      </object_component>
      <object_component id="oc-d2">
         <name>.common:xDriverIntensityQueue</name>
         <uninitialized>true</uninitialized>
         <run_address>0x2000224c</run_address>
         <size>0x4</size>
      </object_component>
      <object_component id="oc-d3">
         <name>.common:xPassengerIntensityQueue</name>
         <uninitialized>true</uninitialized>
         <run_address>0x20002264</run_address>
         <size>0x4</size>
      </object_component>
      <object_component id="oc-d4">
         <name>.common:xDriverDiagnosticsQueue</name>
         <uninitialized>true</uninitialized>
         <run_address>0x20002244</run_address>
         <size>0x4</size>
      </object_component>
      <object_component id="oc-d5">
         <name>.common:xPassengerDiagnosticsQueue</name>
         <uninitialized>true</uninitialized>
         <run_address>0x2000225c</run_address>
         <size>0x4</size>
      </object_component>
      <object_component id="oc-af">
         <name>.common:xDriverMutex</name>
         <uninitialized>true</uninitialized>
         <run_address>0x20002250</run_address>
         <size>0x4</size>
      </object_component>
      <object_component id="oc-b0">
         <name>.common:xPassengerMutex</name>
         <uninitialized>true</uninitialized>
         <run_address>0x20002268</run_address>
         <size>0x4</size>
      </object_component>
      <object_component id="oc-b1">
         <name>.common:xDriverTempSemphr</name>
         <uninitialized>true</uninitialized>
         <run_address>0x20002254</run_address>
         <size>0x4</size>
      </object_component>
      <object_component id="oc-d0">
         <name>.common:xPassengerTempSemphr</name>
         <uninitialized>true</uninitialized>
         <run_address>0x2000226c</run_address>
         <size>0x4</size>
      </object_component>
      <object_component id="oc-d7">
         <name>.common:xDriverErrorSemaphore</name>
         <uninitialized>true</uninitialized>
         <run_address>0x20002248</run_address>
         <size>0x4</size>
      </object_component>
      <object_component id="oc-d1">
         <name>.common:xPassengerErrorSemaphore</name>
         <uninitialized>true</uninitialized>
         <run_address>0x20002260</run_address>
         <size>0x4</size>
      </object_component>
      <object_component id="oc-ac">
         <name>.common:xEventGroup</name>
         <uninitialized>true</uninitialized>
         <run_address>0x20002258</run_address>
         <size>0x4</size>
      </object_component>
      <object_component id="oc-d6">
         <name>.common:Button_Handle_Task</name>
         <uninitialized>true</uninitialized>
         <run_address>0x20002218</run_address>
         <size>0x4</size>
      </object_component>
      <object_component id="oc-d8">
         <name>.common:Driver_Intensity_Task</name>
         <uninitialized>true</uninitialized>
         <run_address>0x2000222c</run_address>
         <size>0x4</size>
      </object_component>
      <object_component id="oc-d9">
         <name>.common:Passenger_Intensity_Task</name>
         <uninitialized>true</uninitialized>
         <run_address>0x2000223c</run_address>
         <size>0x4</size>
      </object_component>
      <object_component id="oc-da">
         <name>.common:Driver_Heater_Task</name>
         <uninitialized>true</uninitialized>
         <run_address>0x20002228</run_address>
         <size>0x4</size>
      </object_component>
      <object_component id="oc-db">
         <name>.common:Passenger_Heater_Task</name>
         <uninitialized>true</uninitialized>
         <run_address>0x20002238</run_address>
         <size>0x4</size>
      </object_component>
      <object_component id="oc-dc">
         <name>.common:Driver_Temp_Task</name>
         <uninitialized>true</uninitialized>
         <run_address>0x20002230</run_address>
         <size>0x4</size>
      </object_component>
      <object_component id="oc-e0">
         <name>.common:Passenger_Temp_Task</name>
         <uninitialized>true</uninitialized>
         <run_address>0x20002240</run_address>
         <size>0x4</size>
      </object_component>
      <object_component id="oc-e4">
         <name>.common:Display_Task</name>
         <uninitialized>true</uninitialized>
         <run_address>0x20002220</run_address>
         <size>0x4</size>
      </object_component>
      <object_component id="oc-e5">
         <name>.common:Driver_Error_Task</name>
         <uninitialized>true</uninitialized>
         <run_address>0x20002224</run_address>
         <size>0x4</size>
      </object_component>
      <object_component id="oc-e9">
         <name>.common:Passenger_Error_Task</name>
         <uninitialized>true</uninitialized>
         <run_address>0x20002234</run_address>
         <size>0x4</size>
      </object_component>
      <object_component id="oc-ed">
         <name>.common:Diagnostic_Task</name>
         <uninitialized>true</uninitialized>
         <run_address>0x2000221c</run_address>
         <size>0x4</size>
      </object_component>
      <object_component id="oc-ee">
         <name>.common:xTask0Handle</name>
         <uninitialized>true</uninitialized>
         <run_address>0x20002270</run_address>
         <size>0x4</size>
      </object_component>
      <object_component id="oc-f1">
         <name>.common:gdSeatTemp</name>
         <uninitialized>true</uninitialized>
         <run_address>0x20002278</run_address>
         <size>0x1</size>
      </object_component>
      <object_component id="oc-f2">
         <name>.common:gpSeatTemp</name>
         <uninitialized>true</uninitialized>
         <run_address>0x20002279</run_address>
         <size>0x1</size>
      </object_component>
      <object_component id="oc-ef">
         <name>.common:gDriverTemp</name>
         <uninitialized>true</uninitialized>
         <run_address>0x20002274</run_address>
         <size>0x2</size>
      </object_component>
      <object_component id="oc-f0">
         <name>.common:gPassengerTemp</name>
         <uninitialized>true</uninitialized>
         <run_address>0x20002276</run_address>
         <size>0x2</size>
      </object_component>
      <object_component id="oc-f6">
         <name>.common:gSystemDriverLastState</name>
         <uninitialized>true</uninitialized>
         <run_address>0x20002208</run_address>
         <size>0x8</size>
      </object_component>
      <object_component id="oc-f7">
         <name>.common:gSystemPassengerLastState</name>
         <uninitialized>true</uninitialized>
         <run_address>0x20002210</run_address>
         <size>0x8</size>
      </object_component>
      <object_component id="oc-17b">
         <name>.common:ullTasksOutTime</name>
         <uninitialized>true</uninitialized>
         <run_address>0x200020e0</run_address>
         <size>0x34</size>
      </object_component>
      <object_component id="oc-177">
         <name>.common:ullTasksInTime</name>
         <uninitialized>true</uninitialized>
         <run_address>0x200020ac</run_address>
         <size>0x34</size>
      </object_component>
      <object_component id="oc-f8">
         <name>.common:ullTasksExecutionTime</name>
         <uninitialized>true</uninitialized>
         <run_address>0x20002078</run_address>
         <size>0x34</size>
      </object_component>
      <object_component id="oc-1a2">
         <name>.common:ullSmphrGiveTime</name>
         <uninitialized>true</uninitialized>
         <run_address>0x2000212c</run_address>
         <size>0x18</size>
      </object_component>
      <object_component id="oc-1a4">
         <name>.common:ullSmphrTakeTime</name>
         <uninitialized>true</uninitialized>
         <run_address>0x20002144</run_address>
         <size>0x18</size>
      </object_component>
      <object_component id="oc-1a3">
         <name>.common:ullSmphrAquireTime</name>
         <uninitialized>true</uninitialized>
         <run_address>0x20002114</run_address>
         <size>0x18</size>
      </object_component>
      <object_component id="oc-24">
         <name>.stack</name>
         <uninitialized>true</uninitialized>
         <run_address>0x20002280</run_address>
         <size>0x4</size>
         <input_file_ref idref="fl-d1"/>
      </object_component>
      <object_component id="oc-324">
         <name>.stack</name>
         <uninitialized>true</uninitialized>
         <run_address>0x20002280</run_address>
         <size>0x0</size>
      </object_component>
      <object_component id="oc-ad">
         <name>.debug_info</name>
         <load_address>0x0</load_address>
         <run_address>0x0</run_address>
         <size>0x1614</size>
         <input_file_ref idref="fl-2"/>
      </object_component>
      <object_component id="oc-f4">
         <name>.debug_info</name>
         <load_address>0x1614</load_address>
         <run_address>0x1614</run_address>
         <size>0x15e</size>
         <input_file_ref idref="fl-2"/>
      </object_component>
      <object_component id="oc-de">
         <name>.debug_info</name>
         <load_address>0x1772</load_address>
         <run_address>0x1772</run_address>
         <size>0xef</size>
         <input_file_ref idref="fl-2"/>
      </object_component>
      <object_component id="oc-e2">
         <name>.debug_info</name>
         <load_address>0x1861</load_address>
         <run_address>0x1861</run_address>
         <size>0xf5</size>
         <input_file_ref idref="fl-2"/>
      </object_component>
      <object_component id="oc-e7">
         <name>.debug_info</name>
         <load_address>0x1956</load_address>
         <run_address>0x1956</run_address>
         <size>0xed</size>
         <input_file_ref idref="fl-2"/>
      </object_component>
      <object_component id="oc-eb">
         <name>.debug_info</name>
         <load_address>0x1a43</load_address>
         <run_address>0x1a43</run_address>
         <size>0xf3</size>
         <input_file_ref idref="fl-2"/>
      </object_component>
      <object_component id="oc-39">
         <name>.debug_info</name>
         <load_address>0x1b36</load_address>
         <run_address>0x1b36</run_address>
         <size>0x1f74</size>
         <input_file_ref idref="fl-2"/>
      </object_component>
      <object_component id="oc-109">
         <name>.debug_info</name>
         <load_address>0x3aaa</load_address>
         <run_address>0x3aaa</run_address>
         <size>0x315</size>
         <input_file_ref idref="fl-2"/>
      </object_component>
      <object_component id="oc-113">
         <name>.debug_info</name>
         <load_address>0x3dbf</load_address>
         <run_address>0x3dbf</run_address>
         <size>0x140</size>
         <input_file_ref idref="fl-2"/>
      </object_component>
      <object_component id="oc-11a">
         <name>.debug_info</name>
         <load_address>0x3eff</load_address>
         <run_address>0x3eff</run_address>
         <size>0x26b</size>
         <input_file_ref idref="fl-2"/>
      </object_component>
      <object_component id="oc-191">
         <name>.debug_info</name>
         <load_address>0x416a</load_address>
         <run_address>0x416a</run_address>
         <size>0x476</size>
         <input_file_ref idref="fl-2"/>
      </object_component>
      <object_component id="oc-fa">
         <name>.debug_info</name>
         <load_address>0x45e0</load_address>
         <run_address>0x45e0</run_address>
         <size>0x42</size>
         <input_file_ref idref="fl-2"/>
      </object_component>
      <object_component id="oc-10e">
         <name>.debug_info</name>
         <load_address>0x4622</load_address>
         <run_address>0x4622</run_address>
         <size>0x4f</size>
         <input_file_ref idref="fl-2"/>
      </object_component>
      <object_component id="oc-104">
         <name>.debug_info</name>
         <load_address>0x4671</load_address>
         <run_address>0x4671</run_address>
         <size>0x2c</size>
         <input_file_ref idref="fl-2"/>
      </object_component>
      <object_component id="oc-47">
         <name>.debug_info</name>
         <load_address>0x469d</load_address>
         <run_address>0x469d</run_address>
         <size>0x84</size>
         <input_file_ref idref="fl-2"/>
      </object_component>
      <object_component id="oc-91">
         <name>.debug_info</name>
         <load_address>0x4721</load_address>
         <run_address>0x4721</run_address>
         <size>0x2c</size>
         <input_file_ref idref="fl-2"/>
      </object_component>
      <object_component id="oc-1b3">
         <name>.debug_info</name>
         <load_address>0x474d</load_address>
         <run_address>0x474d</run_address>
         <size>0x4f</size>
         <input_file_ref idref="fl-2"/>
      </object_component>
      <object_component id="oc-196">
         <name>.debug_info</name>
         <load_address>0x479c</load_address>
         <run_address>0x479c</run_address>
         <size>0x2a4</size>
         <input_file_ref idref="fl-2"/>
      </object_component>
      <object_component id="oc-9b">
         <name>.debug_info</name>
         <load_address>0x4a40</load_address>
         <run_address>0x4a40</run_address>
         <size>0xbb</size>
         <input_file_ref idref="fl-2"/>
      </object_component>
      <object_component id="oc-ff">
         <name>.debug_info</name>
         <load_address>0x4afb</load_address>
         <run_address>0x4afb</run_address>
         <size>0xae</size>
         <input_file_ref idref="fl-2"/>
      </object_component>
      <object_component id="oc-187">
         <name>.debug_info</name>
         <load_address>0x4ba9</load_address>
         <run_address>0x4ba9</run_address>
         <size>0x53</size>
         <input_file_ref idref="fl-2"/>
      </object_component>
      <object_component id="oc-96">
         <name>.debug_info</name>
         <load_address>0x4bfc</load_address>
         <run_address>0x4bfc</run_address>
         <size>0x53</size>
         <input_file_ref idref="fl-2"/>
      </object_component>
      <object_component id="oc-18c">
         <name>.debug_info</name>
         <load_address>0x4c4f</load_address>
         <run_address>0x4c4f</run_address>
         <size>0x14c</size>
         <input_file_ref idref="fl-2"/>
      </object_component>
      <object_component id="oc-40">
         <name>.debug_info</name>
         <load_address>0x4d9b</load_address>
         <run_address>0x4d9b</run_address>
         <size>0x3c4</size>
         <input_file_ref idref="fl-3"/>
      </object_component>
      <object_component id="oc-13">
         <name>.debug_info</name>
         <load_address>0x515f</load_address>
         <run_address>0x515f</run_address>
         <size>0xef</size>
         <input_file_ref idref="fl-3"/>
      </object_component>
      <object_component id="oc-29">
         <name>.debug_info</name>
         <load_address>0x524e</load_address>
         <run_address>0x524e</run_address>
         <size>0x26b</size>
         <input_file_ref idref="fl-3"/>
      </object_component>
      <object_component id="oc-bf">
         <name>.debug_info</name>
         <load_address>0x54b9</load_address>
         <run_address>0x54b9</run_address>
         <size>0x297</size>
         <input_file_ref idref="fl-4"/>
      </object_component>
      <object_component id="oc-1c4">
         <name>.debug_info</name>
         <load_address>0x5750</load_address>
         <run_address>0x5750</run_address>
         <size>0x26c</size>
         <input_file_ref idref="fl-5"/>
      </object_component>
      <object_component id="oc-cb">
         <name>.debug_info</name>
         <load_address>0x59bc</load_address>
         <run_address>0x59bc</run_address>
         <size>0x4da</size>
         <input_file_ref idref="fl-5"/>
      </object_component>
      <object_component id="oc-1c5">
         <name>.debug_info</name>
         <load_address>0x5e96</load_address>
         <run_address>0x5e96</run_address>
         <size>0x5e</size>
         <input_file_ref idref="fl-5"/>
      </object_component>
      <object_component id="oc-bc">
         <name>.debug_info</name>
         <load_address>0x5ef4</load_address>
         <run_address>0x5ef4</run_address>
         <size>0xb18</size>
         <input_file_ref idref="fl-6"/>
      </object_component>
      <object_component id="oc-c7">
         <name>.debug_info</name>
         <load_address>0x6a0c</load_address>
         <run_address>0x6a0c</run_address>
         <size>0x196</size>
         <input_file_ref idref="fl-7"/>
      </object_component>
      <object_component id="oc-1be">
         <name>.debug_info</name>
         <load_address>0x6ba2</load_address>
         <run_address>0x6ba2</run_address>
         <size>0x270</size>
         <input_file_ref idref="fl-8"/>
      </object_component>
      <object_component id="oc-b4">
         <name>.debug_info</name>
         <load_address>0x6e12</load_address>
         <run_address>0x6e12</run_address>
         <size>0x470</size>
         <input_file_ref idref="fl-8"/>
      </object_component>
      <object_component id="oc-1a1">
         <name>.debug_info</name>
         <load_address>0x7282</load_address>
         <run_address>0x7282</run_address>
         <size>0x6e7</size>
         <input_file_ref idref="fl-9"/>
      </object_component>
      <object_component id="oc-a2">
         <name>.debug_info</name>
         <load_address>0x7969</load_address>
         <run_address>0x7969</run_address>
         <size>0x17f5</size>
         <input_file_ref idref="fl-9"/>
      </object_component>
      <object_component id="oc-1ac">
         <name>.debug_info</name>
         <load_address>0x915e</load_address>
         <run_address>0x915e</run_address>
         <size>0x110</size>
         <input_file_ref idref="fl-9"/>
      </object_component>
      <object_component id="oc-22f">
         <name>.debug_info</name>
         <load_address>0x926e</load_address>
         <run_address>0x926e</run_address>
         <size>0x476</size>
         <input_file_ref idref="fl-9"/>
      </object_component>
      <object_component id="oc-26e">
         <name>.debug_info</name>
         <load_address>0x96e4</load_address>
         <run_address>0x96e4</run_address>
         <size>0x76</size>
         <input_file_ref idref="fl-9"/>
      </object_component>
      <object_component id="oc-19c">
         <name>.debug_info</name>
         <load_address>0x975a</load_address>
         <run_address>0x975a</run_address>
         <size>0x39</size>
         <input_file_ref idref="fl-9"/>
      </object_component>
      <object_component id="oc-243">
         <name>.debug_info</name>
         <load_address>0x9793</load_address>
         <run_address>0x9793</run_address>
         <size>0x37f</size>
         <input_file_ref idref="fl-a"/>
      </object_component>
      <object_component id="oc-15e">
         <name>.debug_info</name>
         <load_address>0x9b12</load_address>
         <run_address>0x9b12</run_address>
         <size>0x495</size>
         <input_file_ref idref="fl-a"/>
      </object_component>
      <object_component id="oc-1ab">
         <name>.debug_info</name>
         <load_address>0x9fa7</load_address>
         <run_address>0x9fa7</run_address>
         <size>0x9a7</size>
         <input_file_ref idref="fl-b"/>
      </object_component>
      <object_component id="oc-a7">
         <name>.debug_info</name>
         <load_address>0xa94e</load_address>
         <run_address>0xa94e</run_address>
         <size>0x3415</size>
         <input_file_ref idref="fl-b"/>
      </object_component>
      <object_component id="oc-275">
         <name>.debug_info</name>
         <load_address>0xdd63</load_address>
         <run_address>0xdd63</run_address>
         <size>0x1ef</size>
         <input_file_ref idref="fl-b"/>
      </object_component>
      <object_component id="oc-1a6">
         <name>.debug_info</name>
         <load_address>0xdf52</load_address>
         <run_address>0xdf52</run_address>
         <size>0x46</size>
         <input_file_ref idref="fl-b"/>
      </object_component>
      <object_component id="oc-225">
         <name>.debug_info</name>
         <load_address>0xdf98</load_address>
         <run_address>0xdf98</run_address>
         <size>0x35</size>
         <input_file_ref idref="fl-b"/>
      </object_component>
      <object_component id="oc-14e">
         <name>.debug_info</name>
         <load_address>0xdfcd</load_address>
         <run_address>0xdfcd</run_address>
         <size>0x8b9</size>
         <input_file_ref idref="fl-c"/>
      </object_component>
      <object_component id="oc-80">
         <name>.debug_info</name>
         <load_address>0xe886</load_address>
         <run_address>0xe886</run_address>
         <size>0x344</size>
         <input_file_ref idref="fl-c"/>
      </object_component>
      <object_component id="oc-163">
         <name>.debug_info</name>
         <load_address>0xebca</load_address>
         <run_address>0xebca</run_address>
         <size>0xed</size>
         <input_file_ref idref="fl-c"/>
      </object_component>
      <object_component id="oc-17d">
         <name>.debug_info</name>
         <load_address>0xecb7</load_address>
         <run_address>0xecb7</run_address>
         <size>0xed</size>
         <input_file_ref idref="fl-c"/>
      </object_component>
      <object_component id="oc-180">
         <name>.debug_info</name>
         <load_address>0xeda4</load_address>
         <run_address>0xeda4</run_address>
         <size>0xed</size>
         <input_file_ref idref="fl-c"/>
      </object_component>
      <object_component id="oc-169">
         <name>.debug_info</name>
         <load_address>0xee91</load_address>
         <run_address>0xee91</run_address>
         <size>0x130</size>
         <input_file_ref idref="fl-c"/>
      </object_component>
      <object_component id="oc-175">
         <name>.debug_info</name>
         <load_address>0xefc1</load_address>
         <run_address>0xefc1</run_address>
         <size>0xed</size>
         <input_file_ref idref="fl-c"/>
      </object_component>
      <object_component id="oc-166">
         <name>.debug_info</name>
         <load_address>0xf0ae</load_address>
         <run_address>0xf0ae</run_address>
         <size>0xfb</size>
         <input_file_ref idref="fl-c"/>
      </object_component>
      <object_component id="oc-16c">
         <name>.debug_info</name>
         <load_address>0xf1a9</load_address>
         <run_address>0xf1a9</run_address>
         <size>0xef</size>
         <input_file_ref idref="fl-c"/>
      </object_component>
      <object_component id="oc-179">
         <name>.debug_info</name>
         <load_address>0xf298</load_address>
         <run_address>0xf298</run_address>
         <size>0xee</size>
         <input_file_ref idref="fl-c"/>
      </object_component>
      <object_component id="oc-86">
         <name>.debug_info</name>
         <load_address>0xf386</load_address>
         <run_address>0xf386</run_address>
         <size>0x5247</size>
         <input_file_ref idref="fl-c"/>
      </object_component>
      <object_component id="oc-14f">
         <name>.debug_info</name>
         <load_address>0x145cd</load_address>
         <run_address>0x145cd</run_address>
         <size>0x30c</size>
         <input_file_ref idref="fl-c"/>
      </object_component>
      <object_component id="oc-22a">
         <name>.debug_info</name>
         <load_address>0x148d9</load_address>
         <run_address>0x148d9</run_address>
         <size>0x15a</size>
         <input_file_ref idref="fl-c"/>
      </object_component>
      <object_component id="oc-25e">
         <name>.debug_info</name>
         <load_address>0x14a33</load_address>
         <run_address>0x14a33</run_address>
         <size>0x830</size>
         <input_file_ref idref="fl-d"/>
      </object_component>
      <object_component id="oc-253">
         <name>.debug_info</name>
         <load_address>0x15263</load_address>
         <run_address>0x15263</run_address>
         <size>0xed</size>
         <input_file_ref idref="fl-d"/>
      </object_component>
      <object_component id="oc-256">
         <name>.debug_info</name>
         <load_address>0x15350</load_address>
         <run_address>0x15350</run_address>
         <size>0xed</size>
         <input_file_ref idref="fl-d"/>
      </object_component>
      <object_component id="oc-250">
         <name>.debug_info</name>
         <load_address>0x1543d</load_address>
         <run_address>0x1543d</run_address>
         <size>0x125</size>
         <input_file_ref idref="fl-d"/>
      </object_component>
      <object_component id="oc-24d">
         <name>.debug_info</name>
         <load_address>0x15562</load_address>
         <run_address>0x15562</run_address>
         <size>0x111</size>
         <input_file_ref idref="fl-d"/>
      </object_component>
      <object_component id="oc-170">
         <name>.debug_info</name>
         <load_address>0x15673</load_address>
         <run_address>0x15673</run_address>
         <size>0x2357</size>
         <input_file_ref idref="fl-d"/>
      </object_component>
      <object_component id="oc-25f">
         <name>.debug_info</name>
         <load_address>0x179ca</load_address>
         <run_address>0x179ca</run_address>
         <size>0x1e2</size>
         <input_file_ref idref="fl-d"/>
      </object_component>
      <object_component id="oc-259">
         <name>.debug_info</name>
         <load_address>0x17bac</load_address>
         <run_address>0x17bac</run_address>
         <size>0x46</size>
         <input_file_ref idref="fl-d"/>
      </object_component>
      <object_component id="oc-90">
         <name>.debug_info</name>
         <load_address>0x17bf2</load_address>
         <run_address>0x17bf2</run_address>
         <size>0x466</size>
         <input_file_ref idref="fl-e"/>
      </object_component>
      <object_component id="oc-83">
         <name>.debug_info</name>
         <load_address>0x18058</load_address>
         <run_address>0x18058</run_address>
         <size>0x162</size>
         <input_file_ref idref="fl-e"/>
      </object_component>
      <object_component id="oc-8d">
         <name>.debug_info</name>
         <load_address>0x181ba</load_address>
         <run_address>0x181ba</run_address>
         <size>0x16d</size>
         <input_file_ref idref="fl-e"/>
      </object_component>
      <object_component id="oc-34">
         <name>.debug_info</name>
         <load_address>0x18327</load_address>
         <run_address>0x18327</run_address>
         <size>0x857</size>
         <input_file_ref idref="fl-e"/>
      </object_component>
      <object_component id="oc-2f">
         <name>.debug_info</name>
         <load_address>0x18b7e</load_address>
         <run_address>0x18b7e</run_address>
         <size>0x24f</size>
         <input_file_ref idref="fl-f"/>
      </object_component>
      <object_component id="oc-241">
         <name>.debug_info</name>
         <load_address>0x18dcd</load_address>
         <run_address>0x18dcd</run_address>
         <size>0x456</size>
         <input_file_ref idref="fl-10"/>
      </object_component>
      <object_component id="oc-23e">
         <name>.debug_info</name>
         <load_address>0x19223</load_address>
         <run_address>0x19223</run_address>
         <size>0xe8</size>
         <input_file_ref idref="fl-10"/>
      </object_component>
      <object_component id="oc-238">
         <name>.debug_info</name>
         <load_address>0x1930b</load_address>
         <run_address>0x1930b</run_address>
         <size>0xe8</size>
         <input_file_ref idref="fl-10"/>
      </object_component>
      <object_component id="oc-23b">
         <name>.debug_info</name>
         <load_address>0x193f3</load_address>
         <run_address>0x193f3</run_address>
         <size>0xe4</size>
         <input_file_ref idref="fl-10"/>
      </object_component>
      <object_component id="oc-235">
         <name>.debug_info</name>
         <load_address>0x194d7</load_address>
         <run_address>0x194d7</run_address>
         <size>0x102</size>
         <input_file_ref idref="fl-10"/>
      </object_component>
      <object_component id="oc-158">
         <name>.debug_info</name>
         <load_address>0x195d9</load_address>
         <run_address>0x195d9</run_address>
         <size>0x7ba</size>
         <input_file_ref idref="fl-10"/>
      </object_component>
      <object_component id="oc-2ad">
         <name>.debug_info</name>
         <load_address>0x19d93</load_address>
         <run_address>0x19d93</run_address>
         <size>0x62</size>
         <input_file_ref idref="fl-10"/>
      </object_component>
      <object_component id="oc-4f">
         <name>.debug_info</name>
         <load_address>0x19df5</load_address>
         <run_address>0x19df5</run_address>
         <size>0x119</size>
         <input_file_ref idref="fl-ca"/>
      </object_component>
      <object_component id="oc-135">
         <name>.debug_info</name>
         <load_address>0x19f0e</load_address>
         <run_address>0x19f0e</run_address>
         <size>0x147</size>
         <input_file_ref idref="fl-cb"/>
      </object_component>
      <object_component id="oc-1bb">
         <name>.debug_info</name>
         <load_address>0x1a055</load_address>
         <run_address>0x1a055</run_address>
         <size>0x13f</size>
         <input_file_ref idref="fl-cc"/>
      </object_component>
      <object_component id="oc-281">
         <name>.debug_info</name>
         <load_address>0x1a194</load_address>
         <run_address>0x1a194</run_address>
         <size>0x134</size>
         <input_file_ref idref="fl-cd"/>
      </object_component>
      <object_component id="oc-133">
         <name>.debug_info</name>
         <load_address>0x1a2c8</load_address>
         <run_address>0x1a2c8</run_address>
         <size>0x2d4</size>
         <input_file_ref idref="fl-ce"/>
      </object_component>
      <object_component id="oc-62">
         <name>.debug_info</name>
         <load_address>0x1a59c</load_address>
         <run_address>0x1a59c</run_address>
         <size>0x1b5</size>
         <input_file_ref idref="fl-ce"/>
      </object_component>
      <object_component id="oc-12e">
         <name>.debug_info</name>
         <load_address>0x1a751</load_address>
         <run_address>0x1a751</run_address>
         <size>0x46</size>
         <input_file_ref idref="fl-ce"/>
      </object_component>
      <object_component id="oc-1dc">
         <name>.debug_info</name>
         <load_address>0x1a797</load_address>
         <run_address>0x1a797</run_address>
         <size>0x2c</size>
         <input_file_ref idref="fl-ce"/>
      </object_component>
      <object_component id="oc-57">
         <name>.debug_info</name>
         <load_address>0x1a7c3</load_address>
         <run_address>0x1a7c3</run_address>
         <size>0x2a8</size>
         <input_file_ref idref="fl-cf"/>
      </object_component>
      <object_component id="oc-1f">
         <name>.debug_info</name>
         <load_address>0x1aa6b</load_address>
         <run_address>0x1aa6b</run_address>
         <size>0x1ea</size>
         <input_file_ref idref="fl-cf"/>
      </object_component>
      <object_component id="oc-52">
         <name>.debug_info</name>
         <load_address>0x1ac55</load_address>
         <run_address>0x1ac55</run_address>
         <size>0x46</size>
         <input_file_ref idref="fl-cf"/>
      </object_component>
      <object_component id="oc-126">
         <name>.debug_info</name>
         <load_address>0x1ac9b</load_address>
         <run_address>0x1ac9b</run_address>
         <size>0x2c</size>
         <input_file_ref idref="fl-cf"/>
      </object_component>
      <object_component id="oc-124">
         <name>.debug_info</name>
         <load_address>0x1acc7</load_address>
         <run_address>0x1acc7</run_address>
         <size>0x29e</size>
         <input_file_ref idref="fl-d0"/>
      </object_component>
      <object_component id="oc-18">
         <name>.debug_info</name>
         <load_address>0x1af65</load_address>
         <run_address>0x1af65</run_address>
         <size>0x250</size>
         <input_file_ref idref="fl-d0"/>
      </object_component>
      <object_component id="oc-42">
         <name>.debug_info</name>
         <load_address>0x1b1b5</load_address>
         <run_address>0x1b1b5</run_address>
         <size>0x60</size>
         <input_file_ref idref="fl-d0"/>
      </object_component>
      <object_component id="oc-1d5">
         <name>.debug_info</name>
         <load_address>0x1b215</load_address>
         <run_address>0x1b215</run_address>
         <size>0x46</size>
         <input_file_ref idref="fl-d0"/>
      </object_component>
      <object_component id="oc-11f">
         <name>.debug_info</name>
         <load_address>0x1b25b</load_address>
         <run_address>0x1b25b</run_address>
         <size>0x39</size>
         <input_file_ref idref="fl-d0"/>
      </object_component>
      <object_component id="oc-25">
         <name>.debug_info</name>
         <load_address>0x1b294</load_address>
         <run_address>0x1b294</run_address>
         <size>0x10b</size>
         <input_file_ref idref="fl-d1"/>
      </object_component>
      <object_component id="oc-6b">
         <name>.debug_info</name>
         <load_address>0x1b39f</load_address>
         <run_address>0x1b39f</run_address>
         <size>0x1a9</size>
         <input_file_ref idref="fl-d1"/>
      </object_component>
      <object_component id="oc-27b">
         <name>.debug_info</name>
         <load_address>0x1b548</load_address>
         <run_address>0x1b548</run_address>
         <size>0x115</size>
         <input_file_ref idref="fl-d2"/>
      </object_component>
      <object_component id="oc-294">
         <name>.debug_info</name>
         <load_address>0x1b65d</load_address>
         <run_address>0x1b65d</run_address>
         <size>0x4b3</size>
         <input_file_ref idref="fl-d3"/>
      </object_component>
      <object_component id="oc-1f3">
         <name>.debug_info</name>
         <load_address>0x1bb10</load_address>
         <run_address>0x1bb10</run_address>
         <size>0x1a6</size>
         <input_file_ref idref="fl-d3"/>
      </object_component>
      <object_component id="oc-2d6">
         <name>.debug_info</name>
         <load_address>0x1bcb6</load_address>
         <run_address>0x1bcb6</run_address>
         <size>0x39</size>
         <input_file_ref idref="fl-d3"/>
      </object_component>
      <object_component id="oc-2ea">
         <name>.debug_info</name>
         <load_address>0x1bcef</load_address>
         <run_address>0x1bcef</run_address>
         <size>0x39</size>
         <input_file_ref idref="fl-d3"/>
      </object_component>
      <object_component id="oc-2db">
         <name>.debug_info</name>
         <load_address>0x1bd28</load_address>
         <run_address>0x1bd28</run_address>
         <size>0x39</size>
         <input_file_ref idref="fl-d3"/>
      </object_component>
      <object_component id="oc-2e0">
         <name>.debug_info</name>
         <load_address>0x1bd61</load_address>
         <run_address>0x1bd61</run_address>
         <size>0xcd</size>
         <input_file_ref idref="fl-d3"/>
      </object_component>
      <object_component id="oc-13e">
         <name>.debug_info</name>
         <load_address>0x1be2e</load_address>
         <run_address>0x1be2e</run_address>
         <size>0x153</size>
         <input_file_ref idref="fl-d4"/>
      </object_component>
      <object_component id="oc-1e6">
         <name>.debug_info</name>
         <load_address>0x1bf81</load_address>
         <run_address>0x1bf81</run_address>
         <size>0x122</size>
         <input_file_ref idref="fl-d6"/>
      </object_component>
      <object_component id="oc-325">
         <name>.debug_info</name>
         <load_address>0x1c0a3</load_address>
         <run_address>0x1c0a3</run_address>
         <size>0xa2</size>
      </object_component>
      <object_component id="oc-1b2">
         <name>.debug_line</name>
         <load_address>0x0</load_address>
         <run_address>0x0</run_address>
         <size>0x2cc</size>
         <input_file_ref idref="fl-2"/>
      </object_component>
      <object_component id="oc-1d4">
         <name>.debug_line</name>
         <load_address>0x2cc</load_address>
         <run_address>0x2cc</run_address>
         <size>0x2d</size>
         <input_file_ref idref="fl-2"/>
      </object_component>
      <object_component id="oc-1cb">
         <name>.debug_line</name>
         <load_address>0x2f9</load_address>
         <run_address>0x2f9</run_address>
         <size>0x2d</size>
         <input_file_ref idref="fl-2"/>
      </object_component>
      <object_component id="oc-1cd">
         <name>.debug_line</name>
         <load_address>0x326</load_address>
         <run_address>0x326</run_address>
         <size>0x2d</size>
         <input_file_ref idref="fl-2"/>
      </object_component>
      <object_component id="oc-1cf">
         <name>.debug_line</name>
         <load_address>0x353</load_address>
         <run_address>0x353</run_address>
         <size>0x2d</size>
         <input_file_ref idref="fl-2"/>
      </object_component>
      <object_component id="oc-1d1">
         <name>.debug_line</name>
         <load_address>0x380</load_address>
         <run_address>0x380</run_address>
         <size>0x2d</size>
         <input_file_ref idref="fl-2"/>
      </object_component>
      <object_component id="oc-3d">
         <name>.debug_line</name>
         <load_address>0x3ad</load_address>
         <run_address>0x3ad</run_address>
         <size>0x3fa</size>
         <input_file_ref idref="fl-2"/>
      </object_component>
      <object_component id="oc-10c">
         <name>.debug_line</name>
         <load_address>0x7a7</load_address>
         <run_address>0x7a7</run_address>
         <size>0x6c</size>
         <input_file_ref idref="fl-2"/>
      </object_component>
      <object_component id="oc-116">
         <name>.debug_line</name>
         <load_address>0x813</load_address>
         <run_address>0x813</run_address>
         <size>0x2d</size>
         <input_file_ref idref="fl-2"/>
      </object_component>
      <object_component id="oc-11d">
         <name>.debug_line</name>
         <load_address>0x840</load_address>
         <run_address>0x840</run_address>
         <size>0x6f</size>
         <input_file_ref idref="fl-2"/>
      </object_component>
      <object_component id="oc-194">
         <name>.debug_line</name>
         <load_address>0x8af</load_address>
         <run_address>0x8af</run_address>
         <size>0x70</size>
         <input_file_ref idref="fl-2"/>
      </object_component>
      <object_component id="oc-fd">
         <name>.debug_line</name>
         <load_address>0x91f</load_address>
         <run_address>0x91f</run_address>
         <size>0x74</size>
         <input_file_ref idref="fl-2"/>
      </object_component>
      <object_component id="oc-111">
         <name>.debug_line</name>
         <load_address>0x993</load_address>
         <run_address>0x993</run_address>
         <size>0x6d</size>
         <input_file_ref idref="fl-2"/>
      </object_component>
      <object_component id="oc-107">
         <name>.debug_line</name>
         <load_address>0xa00</load_address>
         <run_address>0xa00</run_address>
         <size>0x6e</size>
         <input_file_ref idref="fl-2"/>
      </object_component>
      <object_component id="oc-4a">
         <name>.debug_line</name>
         <load_address>0xa6e</load_address>
         <run_address>0xa6e</run_address>
         <size>0x20</size>
         <input_file_ref idref="fl-2"/>
      </object_component>
      <object_component id="oc-94">
         <name>.debug_line</name>
         <load_address>0xa8e</load_address>
         <run_address>0xa8e</run_address>
         <size>0x70</size>
         <input_file_ref idref="fl-2"/>
      </object_component>
      <object_component id="oc-1b6">
         <name>.debug_line</name>
         <load_address>0xafe</load_address>
         <run_address>0xafe</run_address>
         <size>0x6e</size>
         <input_file_ref idref="fl-2"/>
      </object_component>
      <object_component id="oc-199">
         <name>.debug_line</name>
         <load_address>0xb6c</load_address>
         <run_address>0xb6c</run_address>
         <size>0x73</size>
         <input_file_ref idref="fl-2"/>
      </object_component>
      <object_component id="oc-9e">
         <name>.debug_line</name>
         <load_address>0xbdf</load_address>
         <run_address>0xbdf</run_address>
         <size>0x70</size>
         <input_file_ref idref="fl-2"/>
      </object_component>
      <object_component id="oc-102">
         <name>.debug_line</name>
         <load_address>0xc4f</load_address>
         <run_address>0xc4f</run_address>
         <size>0x66</size>
         <input_file_ref idref="fl-2"/>
      </object_component>
      <object_component id="oc-18a">
         <name>.debug_line</name>
         <load_address>0xcb5</load_address>
         <run_address>0xcb5</run_address>
         <size>0x6b</size>
         <input_file_ref idref="fl-2"/>
      </object_component>
      <object_component id="oc-99">
         <name>.debug_line</name>
         <load_address>0xd20</load_address>
         <run_address>0xd20</run_address>
         <size>0x7f</size>
         <input_file_ref idref="fl-2"/>
      </object_component>
      <object_component id="oc-18f">
         <name>.debug_line</name>
         <load_address>0xd9f</load_address>
         <run_address>0xd9f</run_address>
         <size>0x6c</size>
         <input_file_ref idref="fl-2"/>
      </object_component>
      <object_component id="oc-119">
         <name>.debug_line</name>
         <load_address>0xe0b</load_address>
         <run_address>0xe0b</run_address>
         <size>0x41</size>
         <input_file_ref idref="fl-3"/>
      </object_component>
      <object_component id="oc-3f">
         <name>.debug_line</name>
         <load_address>0xe4c</load_address>
         <run_address>0xe4c</run_address>
         <size>0x41</size>
         <input_file_ref idref="fl-3"/>
      </object_component>
      <object_component id="oc-28">
         <name>.debug_line</name>
         <load_address>0xe8d</load_address>
         <run_address>0xe8d</run_address>
         <size>0xa1</size>
         <input_file_ref idref="fl-3"/>
      </object_component>
      <object_component id="oc-c2">
         <name>.debug_line</name>
         <load_address>0xf2e</load_address>
         <run_address>0xf2e</run_address>
         <size>0xcf</size>
         <input_file_ref idref="fl-4"/>
      </object_component>
      <object_component id="oc-288">
         <name>.debug_line</name>
         <load_address>0xffd</load_address>
         <run_address>0xffd</run_address>
         <size>0x20</size>
         <input_file_ref idref="fl-5"/>
      </object_component>
      <object_component id="oc-ce">
         <name>.debug_line</name>
         <load_address>0x101d</load_address>
         <run_address>0x101d</run_address>
         <size>0x107</size>
         <input_file_ref idref="fl-5"/>
      </object_component>
      <object_component id="oc-1c8">
         <name>.debug_line</name>
         <load_address>0x1124</load_address>
         <run_address>0x1124</run_address>
         <size>0x3b</size>
         <input_file_ref idref="fl-5"/>
      </object_component>
      <object_component id="oc-b9">
         <name>.debug_line</name>
         <load_address>0x115f</load_address>
         <run_address>0x115f</run_address>
         <size>0x2f3</size>
         <input_file_ref idref="fl-6"/>
      </object_component>
      <object_component id="oc-c5">
         <name>.debug_line</name>
         <load_address>0x1452</load_address>
         <run_address>0x1452</run_address>
         <size>0x69</size>
         <input_file_ref idref="fl-7"/>
      </object_component>
      <object_component id="oc-286">
         <name>.debug_line</name>
         <load_address>0x14bb</load_address>
         <run_address>0x14bb</run_address>
         <size>0x20</size>
         <input_file_ref idref="fl-8"/>
      </object_component>
      <object_component id="oc-b3">
         <name>.debug_line</name>
         <load_address>0x14db</load_address>
         <run_address>0x14db</run_address>
         <size>0x11e</size>
         <input_file_ref idref="fl-8"/>
      </object_component>
      <object_component id="oc-26d">
         <name>.debug_line</name>
         <load_address>0x15f9</load_address>
         <run_address>0x15f9</run_address>
         <size>0x1b5</size>
         <input_file_ref idref="fl-9"/>
      </object_component>
      <object_component id="oc-a5">
         <name>.debug_line</name>
         <load_address>0x17ae</load_address>
         <run_address>0x17ae</run_address>
         <size>0x367</size>
         <input_file_ref idref="fl-9"/>
      </object_component>
      <object_component id="oc-1af">
         <name>.debug_line</name>
         <load_address>0x1b15</load_address>
         <run_address>0x1b15</run_address>
         <size>0x6b</size>
         <input_file_ref idref="fl-9"/>
      </object_component>
      <object_component id="oc-232">
         <name>.debug_line</name>
         <load_address>0x1b80</load_address>
         <run_address>0x1b80</run_address>
         <size>0x70</size>
         <input_file_ref idref="fl-9"/>
      </object_component>
      <object_component id="oc-271">
         <name>.debug_line</name>
         <load_address>0x1bf0</load_address>
         <run_address>0x1bf0</run_address>
         <size>0x3c</size>
         <input_file_ref idref="fl-9"/>
      </object_component>
      <object_component id="oc-19f">
         <name>.debug_line</name>
         <load_address>0x1c2c</load_address>
         <run_address>0x1c2c</run_address>
         <size>0x74</size>
         <input_file_ref idref="fl-9"/>
      </object_component>
      <object_component id="oc-2b9">
         <name>.debug_line</name>
         <load_address>0x1ca0</load_address>
         <run_address>0x1ca0</run_address>
         <size>0x20</size>
         <input_file_ref idref="fl-a"/>
      </object_component>
      <object_component id="oc-15d">
         <name>.debug_line</name>
         <load_address>0x1cc0</load_address>
         <run_address>0x1cc0</run_address>
         <size>0xe7</size>
         <input_file_ref idref="fl-a"/>
      </object_component>
      <object_component id="oc-274">
         <name>.debug_line</name>
         <load_address>0x1da7</load_address>
         <run_address>0x1da7</run_address>
         <size>0x1ed</size>
         <input_file_ref idref="fl-b"/>
      </object_component>
      <object_component id="oc-aa">
         <name>.debug_line</name>
         <load_address>0x1f94</load_address>
         <run_address>0x1f94</run_address>
         <size>0x7d4</size>
         <input_file_ref idref="fl-b"/>
      </object_component>
      <object_component id="oc-278">
         <name>.debug_line</name>
         <load_address>0x2768</load_address>
         <run_address>0x2768</run_address>
         <size>0x35</size>
         <input_file_ref idref="fl-b"/>
      </object_component>
      <object_component id="oc-1a9">
         <name>.debug_line</name>
         <load_address>0x279d</load_address>
         <run_address>0x279d</run_address>
         <size>0x6d</size>
         <input_file_ref idref="fl-b"/>
      </object_component>
      <object_component id="oc-228">
         <name>.debug_line</name>
         <load_address>0x280a</load_address>
         <run_address>0x280a</run_address>
         <size>0x74</size>
         <input_file_ref idref="fl-b"/>
      </object_component>
      <object_component id="oc-224">
         <name>.debug_line</name>
         <load_address>0x287e</load_address>
         <run_address>0x287e</run_address>
         <size>0x23a</size>
         <input_file_ref idref="fl-c"/>
      </object_component>
      <object_component id="oc-14d">
         <name>.debug_line</name>
         <load_address>0x2ab8</load_address>
         <run_address>0x2ab8</run_address>
         <size>0x35</size>
         <input_file_ref idref="fl-c"/>
      </object_component>
      <object_component id="oc-245">
         <name>.debug_line</name>
         <load_address>0x2aed</load_address>
         <run_address>0x2aed</run_address>
         <size>0x35</size>
         <input_file_ref idref="fl-c"/>
      </object_component>
      <object_component id="oc-269">
         <name>.debug_line</name>
         <load_address>0x2b22</load_address>
         <run_address>0x2b22</run_address>
         <size>0x35</size>
         <input_file_ref idref="fl-c"/>
      </object_component>
      <object_component id="oc-26b">
         <name>.debug_line</name>
         <load_address>0x2b57</load_address>
         <run_address>0x2b57</run_address>
         <size>0x35</size>
         <input_file_ref idref="fl-c"/>
      </object_component>
      <object_component id="oc-249">
         <name>.debug_line</name>
         <load_address>0x2b8c</load_address>
         <run_address>0x2b8c</run_address>
         <size>0x35</size>
         <input_file_ref idref="fl-c"/>
      </object_component>
      <object_component id="oc-265">
         <name>.debug_line</name>
         <load_address>0x2bc1</load_address>
         <run_address>0x2bc1</run_address>
         <size>0x35</size>
         <input_file_ref idref="fl-c"/>
      </object_component>
      <object_component id="oc-247">
         <name>.debug_line</name>
         <load_address>0x2bf6</load_address>
         <run_address>0x2bf6</run_address>
         <size>0x35</size>
         <input_file_ref idref="fl-c"/>
      </object_component>
      <object_component id="oc-24b">
         <name>.debug_line</name>
         <load_address>0x2c2b</load_address>
         <run_address>0x2c2b</run_address>
         <size>0x35</size>
         <input_file_ref idref="fl-c"/>
      </object_component>
      <object_component id="oc-267">
         <name>.debug_line</name>
         <load_address>0x2c60</load_address>
         <run_address>0x2c60</run_address>
         <size>0x35</size>
         <input_file_ref idref="fl-c"/>
      </object_component>
      <object_component id="oc-89">
         <name>.debug_line</name>
         <load_address>0x2c95</load_address>
         <run_address>0x2c95</run_address>
         <size>0xdad</size>
         <input_file_ref idref="fl-c"/>
      </object_component>
      <object_component id="oc-152">
         <name>.debug_line</name>
         <load_address>0x3a42</load_address>
         <run_address>0x3a42</run_address>
         <size>0x6c</size>
         <input_file_ref idref="fl-c"/>
      </object_component>
      <object_component id="oc-22d">
         <name>.debug_line</name>
         <load_address>0x3aae</load_address>
         <run_address>0x3aae</run_address>
         <size>0x35</size>
         <input_file_ref idref="fl-c"/>
      </object_component>
      <object_component id="oc-2c3">
         <name>.debug_line</name>
         <load_address>0x3ae3</load_address>
         <run_address>0x3ae3</run_address>
         <size>0x1b4</size>
         <input_file_ref idref="fl-d"/>
      </object_component>
      <object_component id="oc-2bf">
         <name>.debug_line</name>
         <load_address>0x3c97</load_address>
         <run_address>0x3c97</run_address>
         <size>0x36</size>
         <input_file_ref idref="fl-d"/>
      </object_component>
      <object_component id="oc-2c1">
         <name>.debug_line</name>
         <load_address>0x3ccd</load_address>
         <run_address>0x3ccd</run_address>
         <size>0x36</size>
         <input_file_ref idref="fl-d"/>
      </object_component>
      <object_component id="oc-2bd">
         <name>.debug_line</name>
         <load_address>0x3d03</load_address>
         <run_address>0x3d03</run_address>
         <size>0x36</size>
         <input_file_ref idref="fl-d"/>
      </object_component>
      <object_component id="oc-2bb">
         <name>.debug_line</name>
         <load_address>0x3d39</load_address>
         <run_address>0x3d39</run_address>
         <size>0x36</size>
         <input_file_ref idref="fl-d"/>
      </object_component>
      <object_component id="oc-173">
         <name>.debug_line</name>
         <load_address>0x3d6f</load_address>
         <run_address>0x3d6f</run_address>
         <size>0x505</size>
         <input_file_ref idref="fl-d"/>
      </object_component>
      <object_component id="oc-262">
         <name>.debug_line</name>
         <load_address>0x4274</load_address>
         <run_address>0x4274</run_address>
         <size>0x36</size>
         <input_file_ref idref="fl-d"/>
      </object_component>
      <object_component id="oc-25c">
         <name>.debug_line</name>
         <load_address>0x42aa</load_address>
         <run_address>0x42aa</run_address>
         <size>0x6e</size>
         <input_file_ref idref="fl-d"/>
      </object_component>
      <object_component id="oc-186">
         <name>.debug_line</name>
         <load_address>0x4318</load_address>
         <run_address>0x4318</run_address>
         <size>0x96</size>
         <input_file_ref idref="fl-e"/>
      </object_component>
      <object_component id="oc-155">
         <name>.debug_line</name>
         <load_address>0x43ae</load_address>
         <run_address>0x43ae</run_address>
         <size>0x4a</size>
         <input_file_ref idref="fl-e"/>
      </object_component>
      <object_component id="oc-184">
         <name>.debug_line</name>
         <load_address>0x43f8</load_address>
         <run_address>0x43f8</run_address>
         <size>0x4a</size>
         <input_file_ref idref="fl-e"/>
      </object_component>
      <object_component id="oc-33">
         <name>.debug_line</name>
         <load_address>0x4442</load_address>
         <run_address>0x4442</run_address>
         <size>0x189</size>
         <input_file_ref idref="fl-e"/>
      </object_component>
      <object_component id="oc-31">
         <name>.debug_line</name>
         <load_address>0x45cb</load_address>
         <run_address>0x45cb</run_address>
         <size>0xdf</size>
         <input_file_ref idref="fl-f"/>
      </object_component>
      <object_component id="oc-2b7">
         <name>.debug_line</name>
         <load_address>0x46aa</load_address>
         <run_address>0x46aa</run_address>
         <size>0xb7</size>
         <input_file_ref idref="fl-10"/>
      </object_component>
      <object_component id="oc-2b5">
         <name>.debug_line</name>
         <load_address>0x4761</load_address>
         <run_address>0x4761</run_address>
         <size>0x47</size>
         <input_file_ref idref="fl-10"/>
      </object_component>
      <object_component id="oc-2ac">
         <name>.debug_line</name>
         <load_address>0x47a8</load_address>
         <run_address>0x47a8</run_address>
         <size>0x47</size>
         <input_file_ref idref="fl-10"/>
      </object_component>
      <object_component id="oc-2b3">
         <name>.debug_line</name>
         <load_address>0x47ef</load_address>
         <run_address>0x47ef</run_address>
         <size>0x47</size>
         <input_file_ref idref="fl-10"/>
      </object_component>
      <object_component id="oc-2aa">
         <name>.debug_line</name>
         <load_address>0x4836</load_address>
         <run_address>0x4836</run_address>
         <size>0x47</size>
         <input_file_ref idref="fl-10"/>
      </object_component>
      <object_component id="oc-15b">
         <name>.debug_line</name>
         <load_address>0x487d</load_address>
         <run_address>0x487d</run_address>
         <size>0x151</size>
         <input_file_ref idref="fl-10"/>
      </object_component>
      <object_component id="oc-2b0">
         <name>.debug_line</name>
         <load_address>0x49ce</load_address>
         <run_address>0x49ce</run_address>
         <size>0x47</size>
         <input_file_ref idref="fl-10"/>
      </object_component>
      <object_component id="oc-4e">
         <name>.debug_line</name>
         <load_address>0x4a15</load_address>
         <run_address>0x4a15</run_address>
         <size>0x88</size>
         <input_file_ref idref="fl-ca"/>
      </object_component>
      <object_component id="oc-138">
         <name>.debug_line</name>
         <load_address>0x4a9d</load_address>
         <run_address>0x4a9d</run_address>
         <size>0x79</size>
         <input_file_ref idref="fl-cb"/>
      </object_component>
      <object_component id="oc-1b9">
         <name>.debug_line</name>
         <load_address>0x4b16</load_address>
         <run_address>0x4b16</run_address>
         <size>0x68</size>
         <input_file_ref idref="fl-cc"/>
      </object_component>
      <object_component id="oc-280">
         <name>.debug_line</name>
         <load_address>0x4b7e</load_address>
         <run_address>0x4b7e</run_address>
         <size>0x81</size>
         <input_file_ref idref="fl-cd"/>
      </object_component>
      <object_component id="oc-1e2">
         <name>.debug_line</name>
         <load_address>0x4bff</load_address>
         <run_address>0x4bff</run_address>
         <size>0x92</size>
         <input_file_ref idref="fl-ce"/>
      </object_component>
      <object_component id="oc-61">
         <name>.debug_line</name>
         <load_address>0x4c91</load_address>
         <run_address>0x4c91</run_address>
         <size>0x53</size>
         <input_file_ref idref="fl-ce"/>
      </object_component>
      <object_component id="oc-131">
         <name>.debug_line</name>
         <load_address>0x4ce4</load_address>
         <run_address>0x4ce4</run_address>
         <size>0x34</size>
         <input_file_ref idref="fl-ce"/>
      </object_component>
      <object_component id="oc-1df">
         <name>.debug_line</name>
         <load_address>0x4d18</load_address>
[...]
      </symbol>
      <symbol id="sm-4ba">
         <name>xQueueSemaphoreTake</name>
         <value>0x2ff5</value>
         <object_component_ref idref="oc-a6"/>
      </symbol>
      <symbol id="sm-4bb">
         <name>xQueueGiveFromISR</name>
         <value>0x2d11</value>
         <object_component_ref idref="oc-a6"/>
      </symbol>
      <symbol id="sm-4bc">
         <name>uxQueueMessagesWaitingFromISR</name>
         <value>0x3567</value>
         <object_component_ref idref="oc-a6"/>
      </symbol>
      <symbol id="sm-4bd">
         <name>uxQueueGetQueueNumber</name>
         <value>0x35b5</value>
         <object_component_ref idref="oc-a6"/>
      </symbol>
      <symbol id="sm-4be">
         <name>vQueueWaitForMessageRestricted</name>
         <value>0x3867</value>
         <object_component_ref idref="oc-a6"/>
      </symbol>
      <symbol id="sm-4bf">
         <name>vQueueDelete</name>
         <value>0x3591</value>
         <object_component_ref idref="oc-a6"/>
      </symbol>
      <symbol id="sm-4c0">
         <name>xQueuePeek</name>
         <value>0x31c1</value>
         <object_component_ref idref="oc-a6"/>
      </symbol>
      <symbol id="sm-4c1">
         <name>xQueueReceive</name>
         <value>0x2e5b</value>
         <object_component_ref idref="oc-a6"/>
      </symbol>
      <symbol id="sm-4c2">
         <name>ucQueueGetQueueType</name>
         <value>0x35d5</value>
         <object_component_ref idref="oc-a6"/>
      </symbol>
      <symbol id="sm-774">
         <name>vTaskSuspendAll</name>
         <value>0xb6d</value>
         <object_component_ref idref="oc-85"/>
      </symbol>
      <symbol id="sm-775">
         <name>vTaskPlaceOnEventList</name>
         <value>0x126f</value>
         <object_component_ref idref="oc-85"/>
      </symbol>
      <symbol id="sm-776">
         <name>vTaskSetTaskNumber</name>
         <value>0x17ad</value>
         <object_component_ref idref="oc-85"/>
      </symbol>
      <symbol id="sm-777">
         <name>pcTaskGetName</name>
         <value>0xd69</value>
         <object_component_ref idref="oc-85"/>
      </symbol>
      <symbol id="sm-778">
         <name>xTaskCheckForTimeOut</name>
         <value>0x16d1</value>
         <object_component_ref idref="oc-85"/>
      </symbol>
      <symbol id="sm-779">
         <name>vTaskGenericNotifyGiveFromISR</name>
         <value>0x2445</value>
         <object_component_ref idref="oc-85"/>
      </symbol>
      <symbol id="sm-77a">
         <name>vTaskRemoveFromUnorderedEventList</name>
         <value>0x153d</value>
         <object_component_ref idref="oc-85"/>
      </symbol>
      <symbol id="sm-77b">
         <name>xTaskPriorityDisinherit</name>
         <value>0x1bcf</value>
         <object_component_ref idref="oc-85"/>
      </symbol>
      <symbol id="sm-77c">
         <name>vTaskStartScheduler</name>
         <value>0xac1</value>
         <object_component_ref idref="oc-85"/>
      </symbol>
      <symbol id="sm-77d">
         <name>vTaskInternalSetTimeOutState</name>
         <value>0x16a9</value>
         <object_component_ref idref="oc-85"/>
      </symbol>
      <symbol id="sm-77e">
         <name>pvTaskIncrementMutexHeldCount</name>
         <value>0x1e51</value>
         <object_component_ref idref="oc-85"/>
      </symbol>
      <symbol id="sm-77f">
         <name>xTaskGenericNotifyStateClear</name>
         <value>0x25f5</value>
         <object_component_ref idref="oc-85"/>
      </symbol>
      <symbol id="sm-780">
         <name>xTaskGenericNotify</name>
         <value>0x2009</value>
         <object_component_ref idref="oc-85"/>
      </symbol>
      <symbol id="sm-781">
         <name>vTaskPriorityDisinheritAfterTimeout</name>
         <value>0x1ce1</value>
         <object_component_ref idref="oc-85"/>
      </symbol>
      <symbol id="sm-782">
         <name>xTaskCreate</name>
         <value>0x26d</value>
         <object_component_ref idref="oc-85"/>
      </symbol>
      <symbol id="sm-783">
         <name>xTaskGetApplicationTaskTagFromISR</name>
         <value>0x1125</value>
         <object_component_ref idref="oc-85"/>
      </symbol>
      <symbol id="sm-784">
         <name>xTaskDelayUntil</name>
         <value>0x5a9</value>
         <object_component_ref idref="oc-85"/>
      </symbol>
      <symbol id="sm-785">
         <name>uxTaskGetTaskNumber</name>
         <value>0x1789</value>
         <object_component_ref idref="oc-85"/>
      </symbol>
      <symbol id="sm-786">
         <name>vTaskEndScheduler</name>
         <value>0xb51</value>
         <object_component_ref idref="oc-85"/>
      </symbol>
      <symbol id="sm-787">
         <name>vTaskMissedYield</name>
         <value>0x177d</value>
         <object_component_ref idref="oc-85"/>
      </symbol>
      <symbol id="sm-788">
         <name>uxTaskGetNumberOfTasks</name>
         <value>0xd51</value>
         <object_component_ref idref="oc-85"/>
      </symbol>
      <symbol id="sm-789">
         <name>xTaskCatchUpTicks</name>
         <value>0xe8d</value>
         <object_component_ref idref="oc-85"/>
      </symbol>
      <symbol id="sm-78a">
         <name>xTaskGenericNotifyFromISR</name>
         <value>0x21ef</value>
         <object_component_ref idref="oc-85"/>
      </symbol>
      <symbol id="sm-78b">
         <name>vTaskGetInfo</name>
         <value>0x1891</value>
         <object_component_ref idref="oc-85"/>
      </symbol>
      <symbol id="sm-78c">
         <name>xTaskResumeAll</name>
         <value>0xb85</value>
         <object_component_ref idref="oc-85"/>
      </symbol>
      <symbol id="sm-78d">
         <name>vTaskSetApplicationTaskTag</name>
         <value>0x10cd</value>
         <object_component_ref idref="oc-85"/>
      </symbol>
      <symbol id="sm-78e">
         <name>xTaskGetTickCount</name>
         <value>0xd2d</value>
         <object_component_ref idref="oc-85"/>
      </symbol>
      <symbol id="sm-78f">
         <name>ulTaskGenericNotifyTake</name>
         <value>0x1e69</value>
         <object_component_ref idref="oc-85"/>
      </symbol>
      <symbol id="sm-790">
         <name>uxTaskGetSystemState</name>
         <value>0xdb5</value>
         <object_component_ref idref="oc-85"/>
      </symbol>
      <symbol id="sm-791">
         <name>vTaskDelete</name>
         <value>0x4d5</value>
         <object_component_ref idref="oc-85"/>
      </symbol>
      <symbol id="sm-792">
         <name>xTaskGetApplicationTaskTag</name>
         <value>0x10fd</value>
         <object_component_ref idref="oc-85"/>
      </symbol>
      <symbol id="sm-793">
         <name>xTaskCallApplicationTaskHook</name>
         <value>0x1165</value>
         <object_component_ref idref="oc-85"/>
      </symbol>
      <symbol id="sm-794">
         <name>ulTaskGenericNotifyValueClear</name>
         <value>0x265d</value>
         <object_component_ref idref="oc-85"/>
      </symbol>
      <symbol id="sm-795">
         <name>xTaskGenericNotifyWait</name>
         <value>0x1f21</value>
         <object_component_ref idref="oc-85"/>
      </symbol>
      <symbol id="sm-796">
         <name>pxCurrentTCB</name>
         <value>0x20002480</value>
         <object_component_ref idref="oc-7f"/>
      </symbol>
      <symbol id="sm-797">
         <name>eTaskGetState</name>
         <value>0x6a5</value>
         <object_component_ref idref="oc-85"/>
      </symbol>
      <symbol id="sm-798">
         <name>vTaskSuspend</name>
         <value>0x781</value>
         <object_component_ref idref="oc-85"/>
      </symbol>
      <symbol id="sm-799">
         <name>xTaskGetTickCountFromISR</name>
         <value>0xd3d</value>
         <object_component_ref idref="oc-85"/>
      </symbol>
      <symbol id="sm-79a">
         <name>vTaskResume</name>
         <value>0x8e9</value>
         <object_component_ref idref="oc-85"/>
      </symbol>
      <symbol id="sm-79b">
         <name>uxTopUsedPriority</name>
         <value>0x67bc</value>
         <object_component_ref idref="oc-178"/>
      </symbol>
      <symbol id="sm-79c">
         <name>vTaskPlaceOnEventListRestricted</name>
         <value>0x1351</value>
         <object_component_ref idref="oc-85"/>
      </symbol>
      <symbol id="sm-79d">
         <name>vTaskSetTimeOutState</name>
         <value>0x1677</value>
         <object_component_ref idref="oc-85"/>
      </symbol>
      <symbol id="sm-79e">
         <name>xTaskIncrementTick</name>
         <value>0xee9</value>
         <object_component_ref idref="oc-85"/>
      </symbol>
      <symbol id="sm-79f">
         <name>vTaskSwitchContext</name>
         <value>0x11a5</value>
         <object_component_ref idref="oc-85"/>
      </symbol>
      <symbol id="sm-7a0">
         <name>uxTaskResetEventItemValue</name>
         <value>0x1e2b</value>
         <object_component_ref idref="oc-85"/>
      </symbol>
      <symbol id="sm-7a1">
         <name>xTaskGetSchedulerState</name>
         <value>0x1a6d</value>
         <object_component_ref idref="oc-85"/>
      </symbol>
      <symbol id="sm-7a2">
         <name>xTaskResumeFromISR</name>
         <value>0x9c1</value>
         <object_component_ref idref="oc-85"/>
      </symbol>
      <symbol id="sm-7a3">
         <name>xTaskGetCurrentTaskHandle</name>
         <value>0x1a55</value>
         <object_component_ref idref="oc-85"/>
      </symbol>
      <symbol id="sm-7a4">
         <name>vTaskPlaceOnUnorderedEventList</name>
         <value>0x12ad</value>
         <object_component_ref idref="oc-85"/>
      </symbol>
      <symbol id="sm-7a5">
         <name>xTaskRemoveFromEventList</name>
         <value>0x13d1</value>
         <object_component_ref idref="oc-85"/>
      </symbol>
      <symbol id="sm-7a6">
         <name>xTaskPriorityInherit</name>
         <value>0x1abd</value>
         <object_component_ref idref="oc-85"/>
      </symbol>
      <symbol id="sm-86f">
         <name>vTimerSetTimerNumber</name>
         <value>0x4e99</value>
         <object_component_ref idref="oc-16e"/>
      </symbol>
      <symbol id="sm-870">
         <name>xTimerGetTimerDaemonTaskHandle</name>
         <value>0x4841</value>
         <object_component_ref idref="oc-16e"/>
      </symbol>
      <symbol id="sm-871">
         <name>pcTimerGetName</name>
         <value>0x4949</value>
         <object_component_ref idref="oc-16e"/>
      </symbol>
      <symbol id="sm-872">
         <name>xTimerCreateTimerTask</name>
         <value>0x46e5</value>
         <object_component_ref idref="oc-16e"/>
      </symbol>
      <symbol id="sm-873">
         <name>xTimerGetExpiryTime</name>
         <value>0x491b</value>
         <object_component_ref idref="oc-16e"/>
      </symbol>
      <symbol id="sm-874">
         <name>uxTimerGetTimerNumber</name>
         <value>0x4e8b</value>
         <object_component_ref idref="oc-16e"/>
      </symbol>
      <symbol id="sm-875">
         <name>xTimerIsTimerActive</name>
         <value>0x4d71</value>
         <object_component_ref idref="oc-16e"/>
      </symbol>
      <symbol id="sm-876">
         <name>xTimerGetPeriod</name>
         <value>0x4863</value>
         <object_component_ref idref="oc-16e"/>
      </symbol>
      <symbol id="sm-877">
         <name>xTimerGetReloadMode</name>
         <value>0x48d3</value>
         <object_component_ref idref="oc-16e"/>
      </symbol>
      <symbol id="sm-878">
         <name>xTimerCreate</name>
         <value>0x4723</value>
         <object_component_ref idref="oc-16e"/>
      </symbol>
      <symbol id="sm-879">
         <name>vTimerSetReloadMode</name>
         <value>0x4889</value>
         <object_component_ref idref="oc-16e"/>
      </symbol>
      <symbol id="sm-87a">
         <name>xTimerGenericCommand</name>
         <value>0x47c1</value>
         <object_component_ref idref="oc-16e"/>
      </symbol>
      <symbol id="sm-87b">
         <name>uxTimerGetReloadMode</name>
         <value>0x490f</value>
         <object_component_ref idref="oc-16e"/>
      </symbol>
      <symbol id="sm-87c">
         <name>pvTimerGetTimerID</name>
         <value>0x4dad</value>
         <object_component_ref idref="oc-16e"/>
      </symbol>
      <symbol id="sm-87d">
         <name>xTimerPendFunctionCallFromISR</name>
         <value>0x4e09</value>
         <object_component_ref idref="oc-16e"/>
      </symbol>
      <symbol id="sm-87e">
         <name>xTimerPendFunctionCall</name>
         <value>0x4e3f</value>
         <object_component_ref idref="oc-16e"/>
      </symbol>
      <symbol id="sm-87f">
         <name>vTimerSetTimerID</name>
         <value>0x4ddb</value>
         <object_component_ref idref="oc-16e"/>
      </symbol>
      <symbol id="sm-8d0">
         <name>ulMaxSyscallInterruptPriority</name>
         <value>0x67b4</value>
         <object_component_ref idref="oc-82"/>
      </symbol>
      <symbol id="sm-8d1">
         <name>vPortSetupTimerInterrupt</name>
         <value>0x59ed</value>
         <object_component_ref idref="oc-32"/>
      </symbol>
      <symbol id="sm-8d2">
         <name>vPortEndScheduler</name>
         <value>0x5935</value>
         <object_component_ref idref="oc-32"/>
      </symbol>
      <symbol id="sm-8d3">
         <name>xPortSysTickHandler</name>
         <value>0x59c7</value>
         <object_component_ref idref="oc-32"/>
      </symbol>
      <symbol id="sm-8d4">
         <name>vPortValidateInterruptPriority</name>
         <value>0x5a07</value>
         <object_component_ref idref="oc-32"/>
      </symbol>
      <symbol id="sm-8d5">
         <name>pxPortInitialiseStack</name>
         <value>0x57f1</value>
         <object_component_ref idref="oc-32"/>
      </symbol>
      <symbol id="sm-8d6">
         <name>vPortExitCritical</name>
         <value>0x599b</value>
         <object_component_ref idref="oc-32"/>
      </symbol>
      <symbol id="sm-8d7">
         <name>xPortStartScheduler</name>
         <value>0x587d</value>
         <object_component_ref idref="oc-32"/>
      </symbol>
      <symbol id="sm-8d8">
         <name>vPortEnterCritical</name>
         <value>0x5959</value>
         <object_component_ref idref="oc-32"/>
      </symbol>
      <symbol id="sm-8e7">
         <name>vPortStartFirstTask</name>
         <value>0x63bd</value>
         <object_component_ref idref="oc-2d"/>
      </symbol>
      <symbol id="sm-8e8">
         <name>ulPortGetIPSR</name>
         <value>0x6325</value>
         <object_component_ref idref="oc-2d"/>
      </symbol>
      <symbol id="sm-8e9">
         <name>vPortEnableVFP</name>
         <value>0x63e1</value>
         <object_component_ref idref="oc-2d"/>
      </symbol>
      <symbol id="sm-8ea">
         <name>xPortPendSVHandler</name>
         <value>0x633d</value>
         <object_component_ref idref="oc-2d"/>
      </symbol>
      <symbol id="sm-8eb">
         <name>vPortSVCHandler</name>
         <value>0x639d</value>
         <object_component_ref idref="oc-2d"/>
      </symbol>
      <symbol id="sm-943">
         <name>vPortInitialiseBlocks</name>
         <value>0x5c8f</value>
         <object_component_ref idref="oc-156"/>
      </symbol>
      <symbol id="sm-944">
         <name>xPortGetFreeHeapSize</name>
         <value>0x5c89</value>
         <object_component_ref idref="oc-156"/>
      </symbol>
      <symbol id="sm-945">
         <name>pvPortCalloc</name>
         <value>0x5c91</value>
         <object_component_ref idref="oc-156"/>
      </symbol>
      <symbol id="sm-946">
         <name>pvPortMalloc</name>
         <value>0x5aa5</value>
         <object_component_ref idref="oc-156"/>
      </symbol>
      <symbol id="sm-947">
         <name>vPortFree</name>
         <value>0x5bcb</value>
         <object_component_ref idref="oc-156"/>
      </symbol>
      <symbol id="sm-962">
         <name>memcpy</name>
         <value>0x63ef</value>
         <object_component_ref idref="oc-4c"/>
      </symbol>
      <symbol id="sm-963">
         <name>__aeabi_memcpy</name>
         <value>0x63ef</value>
         <object_component_ref idref="oc-4c"/>
      </symbol>
      <symbol id="sm-964">
         <name>__aeabi_memcpy8</name>
         <value>0x63ef</value>
         <object_component_ref idref="oc-4c"/>
      </symbol>
      <symbol id="sm-965">
         <name>__aeabi_memcpy4</name>
         <value>0x63ef</value>
         <object_component_ref idref="oc-4c"/>
      </symbol>
      <symbol id="sm-974">
         <name>__aeabi_memset</name>
         <value>0x6523</value>
         <object_component_ref idref="oc-134"/>
      </symbol>
      <symbol id="sm-975">
         <name>memset</name>
         <value>0x6529</value>
         <object_component_ref idref="oc-134"/>
      </symbol>
      <symbol id="sm-976">
         <name>__aeabi_memset8</name>
         <value>0x6523</value>
         <object_component_ref idref="oc-134"/>
      </symbol>
      <symbol id="sm-977">
         <name>__aeabi_memset4</name>
         <value>0x6523</value>
         <object_component_ref idref="oc-134"/>
      </symbol>
      <symbol id="sm-978">
         <name>__aeabi_memclr8</name>
         <value>0x6521</value>
         <object_component_ref idref="oc-134"/>
      </symbol>
      <symbol id="sm-979">
         <name>__aeabi_memclr4</name>
         <value>0x6521</value>
         <object_component_ref idref="oc-134"/>
      </symbol>
      <symbol id="sm-97a">
         <name>__aeabi_memclr</name>
         <value>0x6521</value>
         <object_component_ref idref="oc-134"/>
      </symbol>
      <symbol id="sm-988">
         <name>__aeabi_ldivmod</name>
         <value>0x659b</value>
         <object_component_ref idref="oc-1b8"/>
      </symbol>
      <symbol id="sm-995">
         <name>__aeabi_uldivmod</name>
         <value>0x648b</value>
         <object_component_ref idref="oc-27f"/>
      </symbol>
      <symbol id="sm-9ac">
         <name>__TI_zero_init</name>
         <value>0x674b</value>
         <object_component_ref idref="oc-5e"/>
      </symbol>
      <symbol id="sm-9c3">
         <name>__TI_decompress_none</name>
         <value>0x673d</value>
         <object_component_ref idref="oc-1b"/>
      </symbol>
      <symbol id="sm-9e6">
         <name>__TI_decompress_lzss</name>
         <value>0x6609</value>
         <object_component_ref idref="oc-15"/>
      </symbol>
      <symbol id="sm-9f9">
         <name>__stack</name>
         <value>0x20002280</value>
         <object_component_ref idref="oc-24"/>
      </symbol>
      <symbol id="sm-9fa">
         <name>_c_int00_noargs</name>
         <value>0x6709</value>
         <object_component_ref idref="oc-6a"/>
      </symbol>
      <symbol id="sm-a04">
         <name>__aeabi_idiv0</name>
         <value>0x38c3</value>
         <object_component_ref idref="oc-27a"/>
      </symbol>
      <symbol id="sm-a05">
         <name>__aeabi_ldiv0</name>
         <value>0x38c3</value>
         <object_component_ref idref="oc-27a"/>
      </symbol>
      <symbol id="sm-a2d">
         <name>__TI_auto_init_nobinit_nopinit</name>
         <value>0x66c5</value>
         <object_component_ref idref="oc-1f1"/>
      </symbol>
      <symbol id="sm-a37">
         <name>_system_pre_init</name>
         <value>0x6763</value>
         <object_component_ref idref="oc-13a"/>
      </symbol>
      <symbol id="sm-a43">
         <name>C$$EXIT</name>
         <value>0x6767</value>
         <object_component_ref idref="oc-1e5"/>
      </symbol>
      <symbol id="sm-a44">
         <name>abort</name>
         <value>0x6767</value>
         <object_component_ref idref="oc-1e5"/>
      </symbol>
      <symbol id="sm-a47">
         <name>__TI_static_base__</name>
         <value>0x0</value>
      </symbol>
      <symbol id="sm-a4a">
         <name>__mpu_init</name>
         <value>0x0</value>
      </symbol>
      <symbol id="sm-a4b">
         <name>_system_post_cinit</name>
         <value>0x0</value>
      </symbol>
   </symbol_table>
   <title>Link successful</title>
</link_info>
